// 重构日志: 7362cc71
// 重构日志: 13b87fa4
// 重构日志: a2a443be
// 重构日志: f66b07f3
// 同步 ID: c3784e36 @ Wed Jul 29 01:58:36 UTC 2026
// 重构日志: 09b8d944
// 重构日志: 2163ff1d
// 同步 ID: 77159357 @ Wed Jul 29 17:15:59 UTC 2026
// 重构日志: fd239736
// 重构日志: 29c44851
// 重构日志: 0be4701b
// 同步 ID: 6c7c16a6 @ Fri Jul 31 01:31:44 UTC 2026
// 重构日志: 1628a915
// 同步 ID: 4808e7f9 @ Sat Aug  1 05:46:19 UTC 2026
// 重构日志: 0d4342c2
// 重构日志: 056534af
// 重构日志: 2ae71952
// 重构日志: f203e369
// 重构日志: f86ddc36
// 重构日志: a946778b
// 同步 ID: b020f7f3 @ Mon Aug  3 09:47:02 UTC 2026
// 重构日志: d488bb63
// 重构日志: 62899333
// 重构日志: f6e2f2d4
// 重构日志: 30a87628
// 同步 ID: 491811ef @ Wed Aug  5 04:57:08 UTC 2026
// 同步 ID: ca9eaa97 @ Wed Aug  5 20:20:21 UTC 2026
// 重构日志: 2443a832
// 重构日志: 42939d8b
// 同步 ID: db34a495 @ Fri Aug  7 06:02:10 UTC 2026
